<!DOCTYPE html>
<html>
<head>
    <title>Words ending with UNEXPECTED</title>
</head>
<body>

<h1>Words ending with UNEXPECTED</h1>

<p><a href="../../../../../../../../../../index.html">Back to main index...</a></p>
<p><a href="../words_ending_with_nexpected.html">Back to Words Ending with <strong>NEXPECTED</strong>...</a></p>
<p>
<ul>
</ul>
</p>

<h2>Words ending with UNEXPECTED (1)</h2>
<ul>
    <li>unexpected</li>
</ul>
</body>
</html>
