<!DOCTYPE html>
<html>
<head>
    <title>Words beginning with GOLDEN SA</title>
</head>
<body>

<h1>Words beginning with GOLDEN SA</h1>

<p><a href="../../../../../../../../../index.html">Back to main index...</a></p>
<p><a href="../words_beginning_with_golden s.html">Back to Words Beginning with <strong>GOLDEN S</strong>...</a></p>
<p>
<ul>
    <li>Filter to words beginning with: <a href="golden sax/words_beginning_with_golden sax.html">GOLDEN SA<strong>X</strong> (1)</a></li>
</ul>
</p>

<h2>Words beginning with GOLDEN SA (1)</h2>
<ul>
    <li>golden saxifrage</li>
</ul>
</body>
</html>
