<!DOCTYPE html>
<html>
<head>
    <title>Words beginning with GOLDEN SAXIFRA</title>
</head>
<body>

<h1>Words beginning with GOLDEN SAXIFRA</h1>

<p><a href="../../../../../../../../../../../../../../index.html">Back to main index...</a></p>
<p><a href="../words_beginning_with_golden saxifr.html">Back to Words Beginning with <strong>GOLDEN SAXIFR</strong>...</a></p>
<p>
<ul>
    <li>Filter to words beginning with: <a href="golden saxifrag/words_beginning_with_golden saxifrag.html">GOLDEN SAXIFRA<strong>G</strong> (1)</a></li>
</ul>
</p>

<h2>Words beginning with GOLDEN SAXIFRA (1)</h2>
<ul>
    <li>golden saxifrage</li>
</ul>
</body>
</html>
