<!DOCTYPE html>
<html>
<head>
    <title>Words beginning with GOLDENLY</title>
</head>
<body>

<h1>Words beginning with GOLDENLY</h1>

<p><a href="../../../../../../../../index.html">Back to main index...</a></p>
<p><a href="../words_beginning_with_goldenl.html">Back to Words Beginning with <strong>GOLDENL</strong>...</a></p>
<p>
<ul>
</ul>
</p>

<h2>Words beginning with GOLDENLY (1)</h2>
<ul>
    <li>goldenly</li>
</ul>
</body>
</html>
