<!DOCTYPE html>
<html>
<head>
    <title>Adjectives ending with NEXPECTED</title>
</head>
<body>

<h1>Adjectives ending with NEXPECTED</h1>

<p><a href="../../../../../../../../../index.html">Back to main index...</a></p>
<p><a href="../adjectives_ending_with_expected.html">Back to Adjectives Ending with <strong>EXPECTED</strong>...</a></p>
<p>
<ul>
    <li>Filter to adjectives ending with: <a href="unexpected/adjectives_ending_with_unexpected.html"><strong>U</strong>NEXPECTED (1)</a></li>
</ul>
</p>

<h2>Adjectives ending with NEXPECTED (1)</h2>
<ul>
    <li>unexpected</li>
</ul>
</body>
</html>
