<!DOCTYPE html>
<html>
<head>
    <title>Words beginning with GOLDEN SAXIFRAGE</title>
</head>
<body>

<h1>Words beginning with GOLDEN SAXIFRAGE</h1>

<p><a href="../../../../../../../../../../../../../../../../index.html">Back to main index...</a></p>
<p><a href="../words_beginning_with_golden saxifrag.html">Back to Words Beginning with <strong>GOLDEN SAXIFRAG</strong>...</a></p>
<p>
<ul>
</ul>
</p>

<h2>Words beginning with GOLDEN SAXIFRAGE (1)</h2>
<ul>
    <li>golden saxifrage</li>
</ul>
</body>
</html>
