<!DOCTYPE html>
<html>
<head>
    <title>Words beginning with GOLDEN SAXIFR</title>
</head>
<body>

<h1>Words beginning with GOLDEN SAXIFR</h1>

<p><a href="../../../../../../../../../../../../../index.html">Back to main index...</a></p>
<p><a href="../words_beginning_with_golden saxif.html">Back to Words Beginning with <strong>GOLDEN SAXIF</strong>...</a></p>
<p>
<ul>
    <li>Filter to words beginning with: <a href="golden saxifra/words_beginning_with_golden saxifra.html">GOLDEN SAXIFR<strong>A</strong> (1)</a></li>
</ul>
</p>

<h2>Words beginning with GOLDEN SAXIFR (1)</h2>
<ul>
    <li>golden saxifrage</li>
</ul>
</body>
</html>
