<!DOCTYPE html>
<html>
<head>
    <title>Adjectives ending with UNEXPECTED</title>
</head>
<body>

<h1>Adjectives ending with UNEXPECTED</h1>

<p><a href="../../../../../../../../../../index.html">Back to main index...</a></p>
<p><a href="../adjectives_ending_with_nexpected.html">Back to Adjectives Ending with <strong>NEXPECTED</strong>...</a></p>
<p>
<ul>
</ul>
</p>

<h2>Adjectives ending with UNEXPECTED (1)</h2>
<ul>
    <li>unexpected</li>
</ul>
</body>
</html>
