<!DOCTYPE html>
<html>
<head>
    <title>Words beginning with GOLDEN SAXI</title>
</head>
<body>

<h1>Words beginning with GOLDEN SAXI</h1>

<p><a href="../../../../../../../../../../../index.html">Back to main index...</a></p>
<p><a href="../words_beginning_with_golden sax.html">Back to Words Beginning with <strong>GOLDEN SAX</strong>...</a></p>
<p>
<ul>
    <li>Filter to words beginning with: <a href="golden saxif/words_beginning_with_golden saxif.html">GOLDEN SAXI<strong>F</strong> (1)</a></li>
</ul>
</p>

<h2>Words beginning with GOLDEN SAXI (1)</h2>
<ul>
    <li>golden saxifrage</li>
</ul>
</body>
</html>
