<!DOCTYPE html>
<html>
<head>
    <title>Adjectives ending with GOLDEN</title>
</head>
<body>

<h1>Adjectives ending with GOLDEN</h1>

<p><a href="../../../../../../index.html">Back to main index...</a></p>
<p><a href="../adjectives_ending_with_olden.html">Back to Adjectives Ending with <strong>OLDEN</strong>...</a></p>
<p>
<ul>
</ul>
</p>

<h2>Adjectives ending with GOLDEN (1)</h2>
<ul>
    <li>golden</li>
</ul>
</body>
</html>
