<!DOCTYPE html>
<html>
<head>
    <title>Words beginning with GOLDEN SAX</title>
</head>
<body>

<h1>Words beginning with GOLDEN SAX</h1>

<p><a href="../../../../../../../../../../index.html">Back to main index...</a></p>
<p><a href="../words_beginning_with_golden sa.html">Back to Words Beginning with <strong>GOLDEN SA</strong>...</a></p>
<p>
<ul>
    <li>Filter to words beginning with: <a href="golden saxi/words_beginning_with_golden saxi.html">GOLDEN SAX<strong>I</strong> (1)</a></li>
</ul>
</p>

<h2>Words beginning with GOLDEN SAX (1)</h2>
<ul>
    <li>golden saxifrage</li>
</ul>
</body>
</html>
