<!DOCTYPE html>
<html>
<head>
    <title>Words beginning with GOLDEN SAXIF</title>
</head>
<body>

<h1>Words beginning with GOLDEN SAXIF</h1>

<p><a href="../../../../../../../../../../../../index.html">Back to main index...</a></p>
<p><a href="../words_beginning_with_golden saxi.html">Back to Words Beginning with <strong>GOLDEN SAXI</strong>...</a></p>
<p>
<ul>
    <li>Filter to words beginning with: <a href="golden saxifr/words_beginning_with_golden saxifr.html">GOLDEN SAXIF<strong>R</strong> (1)</a></li>
</ul>
</p>

<h2>Words beginning with GOLDEN SAXIF (1)</h2>
<ul>
    <li>golden saxifrage</li>
</ul>
</body>
</html>
