<!DOCTYPE html>
<html>
<head>
    <title>Adjectives ending with EXPECTED</title>
</head>
<body>

<h1>Adjectives ending with EXPECTED</h1>

<p><a href="../../../../../../../../index.html">Back to main index...</a></p>
<p><a href="../adjectives_ending_with_xpected.html">Back to Adjectives Ending with <strong>XPECTED</strong>...</a></p>
<p>
<ul>
    <li>Filter to adjectives ending with: <a href="nexpected/adjectives_ending_with_nexpected.html"><strong>N</strong>EXPECTED (1)</a></li>
</ul>
</p>

<h2>Adjectives ending with EXPECTED (1)</h2>
<ul>
    <li>unexpected</li>
</ul>
</body>
</html>
