<!DOCTYPE html>
<html>
<head>
    <title>Words ending with NEXPECTED</title>
</head>
<body>

<h1>Words ending with NEXPECTED</h1>

<p><a href="../../../../../../../../../index.html">Back to main index...</a></p>
<p><a href="../words_ending_with_expected.html">Back to Words Ending with <strong>EXPECTED</strong>...</a></p>
<p>
<ul>
    <li>Filter to words ending with: <a href="unexpected/words_ending_with_unexpected.html"><strong>U</strong>NEXPECTED (1)</a></li>
</ul>
</p>

<h2>Words ending with NEXPECTED (1)</h2>
<ul>
    <li>unexpected</li>
</ul>
</body>
</html>
