<!DOCTYPE html>
<html>
<head>
    <title>Words ending with GOLDEN</title>
</head>
<body>

<h1>Words ending with GOLDEN</h1>

<p><a href="../../../../../../index.html">Back to main index...</a></p>
<p><a href="../words_ending_with_olden.html">Back to Words Ending with <strong>OLDEN</strong>...</a></p>
<p>
<ul>
</ul>
</p>

<h2>Words ending with GOLDEN (1)</h2>
<ul>
    <li>golden</li>
</ul>
</body>
</html>
