<!DOCTYPE html>
<html>
<head>
    <title>Words beginning with GOLDEN</title>
</head>
<body>

<h1>Words beginning with GOLDEN</h1>

<p><a href="../../../../../../index.html">Back to main index...</a></p>
<p><a href="../words_beginning_with_golde.html">Back to Words Beginning with <strong>GOLDE</strong>...</a></p>
<p>
<ul>
    <li>Filter to words beginning with: <a href="golden /words_beginning_with_golden .html">GOLDEN<strong> </strong> (1)</a> : <a href="goldenl/words_beginning_with_goldenl.html">GOLDEN<strong>L</strong> (1)</a></li>
</ul>
</p>

<h2>Words beginning with GOLDEN (3)</h2>
<ul>
    <li>golden</li>
    <li>golden saxifrage</li>
    <li>goldenly</li>
</ul>
</body>
</html>
