<!DOCTYPE html>
<html>
<head>
    <title>Words ending with EXPECTED</title>
</head>
<body>

<h1>Words ending with EXPECTED</h1>

<p><a href="../../../../../../../../index.html">Back to main index...</a></p>
<p><a href="../words_ending_with_xpected.html">Back to Words Ending with <strong>XPECTED</strong>...</a></p>
<p>
<ul>
    <li>Filter to words ending with: <a href="nexpected/words_ending_with_nexpected.html"><strong>N</strong>EXPECTED (1)</a></li>
</ul>
</p>

<h2>Words ending with EXPECTED (1)</h2>
<ul>
    <li>unexpected</li>
</ul>
</body>
</html>
